[backblue.gif]
[fade.gif]
[index.html]
[ps3xploit.com/images/arrv_anim_1.gif]
[ps3xploit.com/images/arrv_anim_1o.gif]
[ps3xploit.com/images/arr_double_1.gif]
[ps3xploit.com/images/arr_double_1o.gif]
[ps3xploit.com/hen/release/489/cex/installer/Latest_HEN_Installer_signed.pkg]
[ps3xploit.com/hen/release/PS3HEN_3.1.1_4.89_FW.zip]
[ps3xploit.com/hen/release/488/cex/installer/Latest_HEN_Installer_signed.pkg]
[ps3xploit.com/hen/release/PS3HEN_3.1.1_4.88_FW.zip]
[ps3xploit.com/hen/release/487/cex/installer/Latest_HEN_Installer_signed.pkg]
[ps3xploit.com/hen/release/PS3HEN_3.1.1_4.87_FW.zip]
[ps3xploit.com/hen/release/486/cex/installer/Latest_HEN_Installer_signed.pkg]
[ps3xploit.com/hen/release/PS3HEN_3.1.1_4.86_FW.zip]
[ps3xploit.com/hen/release/485/cex/installer/Latest_HEN_Installer_signed.pkg]
[ps3xploit.com/hen/release/PS3HEN_3.1.1_4.85_FW.zip]
[ps3xploit.com/hen/release/484/cex/installer/Latest_HEN_Installer_signed.pkg]
[ps3xploit.com/hen/release/PS3HEN_3.1.1_4.84_FW.zip]
[ps3xploit.com/hen/release/PS3HEN_3.1.1-Developers-Only.zip]
[ps3xploit.com/hfw/release/coldboot_installer_488HFW-release-PS3Xploit.zip]
[ps3xploit.com/hfw/release/debug_settings_installer_484HFW_release-PS3Xploit.zip]
[ps3xploit.com/hfw/release/gameboot_installer_488HFW-release-PS3Xploit.zip]
[ps3xploit.com/hfw/release/font_replacer_488HFW_release-PS3Xploit.zip]
[ps3xploit.com/hfw/release/imagefont_replacer_488HFW_release-PS3Xploit.zip]
[ps3xploit.com/hfw/release/idps_psid_minver_dumper_488HFW_release-PS3Xploit.zip]
[ps3xploit.com/hfw/release/rco_replacer_488HFW_release-PS3Xploit.zip]
[ps3xploit.com/hfw/release/self_replacer_488HFW_release-PS3Xploit.zip]
[ps3xploit.com/hfw/release/sprx_replacer_488HFW_release-PS3Xploit.zip]
[ps3xploit.com/hfw/release/ssl_cert_injector_remover_488HFW_release-PS3Xploit.zip]
[ps3xploit.com/hfw/release/xmb_wave_installer_488HFW_release-PS3Xploit.zip]
[ps3xploit.com/hfw/release/xml_replacer_488HFW_release-PS3Xploit.zip]
[ps3xploit.com/hfw/release/xregistry_dumper_injector_488HFW_release-PS3Xploit.zip]
[ps3xploit.com/hfw/release/han_supportfiles.zip]
[ps3xploit.com/hfw/release/ps3_tools-v3.0.5-HAN488_HFW_release_PS3Xploit.zip]
[ps3xploit.com/hfw/release/NOR_NAND_IDPS_dumper_release_2.0.2_PS3Xploit.zip]
[ps3xploit.com/storehaxx/StoreHaxx_4.83_IDPS_PSID_Dumping_Method-PS3Xploit.pkg]
[ps3xploit.com/storehaxx/StoreHaxx_4.83_IDPS_PSID_Dumping_Method-PS3Xploit.zip]
[ps3xploit.com/images/ps3xploit-logo.png]
[ps3xploit.com/images/paypal-donate.png]
[ps3xploit.com/index.html]
[ps3xploit.com/images/bg-solid.html]
[ps3xploit.com/images/bg-blurry.html]
[ps3xploit.com/hen/installer/auto/ps3hen_v100.js]
[ps3xploit.com/hen/installer/auto/index.html]
[ps3xploit.com/hen/installer/ps3hen_v100.js]
[ps3xploit.com/hen/installer/index.html]
[ps3xploit.com/hen/installer/manual/index.html]
[ps3xploit.com/hen/rewrite/index.html]
[ps3xploit.com/hen/release/489/cex/installer/Latest_HEN_Installer_signed.pkg]
[ps3xploit.com/hen/release/PS3HEN_3.1.1_4.89_FW.zip]
[ps3xploit.com/hen/release/488/cex/installer/Latest_HEN_Installer_signed.pkg]
[ps3xploit.com/hen/release/PS3HEN_3.1.1_4.88_FW.zip]
[ps3xploit.com/hen/release/487/cex/installer/Latest_HEN_Installer_signed.pkg]
[ps3xploit.com/hen/release/PS3HEN_3.1.1_4.87_FW.zip]
[ps3xploit.com/hen/release/486/cex/installer/Latest_HEN_Installer_signed.pkg]
[ps3xploit.com/hen/release/PS3HEN_3.1.1_4.86_FW.zip]
[ps3xploit.com/hen/release/485/cex/installer/Latest_HEN_Installer_signed.pkg]
[ps3xploit.com/hen/release/PS3HEN_3.1.1_4.85_FW.zip]
[ps3xploit.com/hen/release/484/cex/installer/Latest_HEN_Installer_signed.pkg]
[ps3xploit.com/hen/release/PS3HEN_3.1.1_4.84_FW.zip]
[ps3xploit.com/hen/blind/index.html]
[ps3xploit.com/hen/release/PS3HEN_3.1.1-Developers-Only.zip]
[ps3xploit.com/hfw/coldboot/ps3xploit_v305.js]
[ps3xploit.com/hfw/coldboot/coldboot_installer.html]
[ps3xploit.com/hfw/release/coldboot_installer_488HFW-release-PS3Xploit.zip]
[ps3xploit.com/hfw/debug_settings_installer/ps3xploit_v31.js]
[ps3xploit.com/hfw/debug_settings_installer/debug_settings_installer.html]
[ps3xploit.com/hfw/debug_settings_installer/debug_settings_swapper.html]
[ps3xploit.com/hfw/debug_settings_installer/xmb_plugin_swapper.html]
[ps3xploit.com/hfw/release/debug_settings_installer_484HFW_release-PS3Xploit.zip]
[ps3xploit.com/hfw/gameboot_installer/ps3xploit_v305.js]
[ps3xploit.com/hfw/gameboot_installer/gameboot_installer.html]
[ps3xploit.com/hfw/flash_font_replacer/ps3xploit_v305.js]
[ps3xploit.com/hfw/flash_font_replacer/flash_font_replacer.html]
[ps3xploit.com/hfw/release/font_replacer_488HFW_release-PS3Xploit.zip]
[ps3xploit.com/hfw/flash_font_replacer/flash_font_replacer_sony_cc.html]
[ps3xploit.com/hfw/imagefont/ps3xploit_v305.js]
[ps3xploit.com/hfw/imagefont/imagefont_replacer.html]
[ps3xploit.com/hfw/idps_psid_minver_dumper/ps3xploit_v305.js]
[ps3xploit.com/hfw/idps_psid_minver_dumper/idps_psid_minver_dumper.html]
[ps3xploit.com/hfw/flash_rco_replacer/ps3xploit_v305.js]
[ps3xploit.com/hfw/flash_rco_replacer/flash_rco_replacer.html]
[ps3xploit.com/hfw/release/rco_replacer_488HFW_release-PS3Xploit.zip]
[ps3xploit.com/hfw/flash_self_replacer/ps3xploit_v305.js]
[ps3xploit.com/hfw/flash_self_replacer/flash_self_replacer_bdplayer.html]
[ps3xploit.com/hfw/flash_self_replacer/flash_self_replacer_ps1emu.html]
[ps3xploit.com/hfw/flash_self_replacer/flash_self_replacer_ps2emu.html]
[ps3xploit.com/hfw/flash_self_replacer/flash_self_replacer_pspemu.html]
[ps3xploit.com/hfw/flash_self_replacer/flash_self_replacer_vsh_module.html]
[ps3xploit.com/hfw/flash_sprx_replacer/ps3xploit_v305.js]
[ps3xploit.com/hfw/flash_sprx_replacer/flash_sprx_replacer_module.html]
[ps3xploit.com/hfw/flash_sprx_replacer/flash_sprx_replacer_sys_internal.html]
[ps3xploit.com/hfw/flash_sprx_replacer/flash_sprx_replacer_sys_external.html]
[ps3xploit.com/hfw/ssl_cert_injector_remover/ps3xploit_v305.js]
[ps3xploit.com/hfw/ssl_cert_injector_remover/ssl_cert_injector.html]
[ps3xploit.com/hfw/ssl_cert_injector_remover/ssl_cert_remover.html]
[ps3xploit.com/hfw/xmb_wave_installer/xmb_wave_installer.html]
[ps3xploit.com/hfw/flash_xml_replacer/flash_xml_replacer.html]
[ps3xploit.com/hfw/xregistry_dumper_injector/ps3xploit_v305.js]
[ps3xploit.com/hfw/xregistry_dumper_injector/xregistry_dumper.html]
[ps3xploit.com/hfw/xregistry_dumper_injector/xregistry_injector.html]
[ps3xploit.com/hfw/han/ps3xploit_v305.js]
[ps3xploit.com/hfw/han/actidps_dumper.html]
[ps3xploit.com/hfw/han/actrif_copier.html]
[ps3xploit.com/hfw/han/han_installer.html]
[ps3xploit.com/hfw/han/han_enabler.html]
[ps3xploit.com/hfw/han/dbgpkg_enabler.html]
[ps3xploit.com/hfw/release/han_supportfiles.zip]
[ps3xploit.com/hfw/release/ps3_tools-v3.0.5-HAN488_HFW_release_PS3Xploit.zip]
[ps3xploit.com/hfw/dumper/ps3xploit_v202.js]
[ps3xploit.com/hfw/dumper/index_idps.html]
[ps3xploit.com/hfw/dumper/index_nand.html]
[ps3xploit.com/hfw/dumper/index_nor.html]
[ps3xploit.com/hfw/dumper/dump.jpg]
[ps3xploit.com/hfw/dumper/index_nand_hdd.html]
[ps3xploit.com/hfw/dumper/index_nor_hdd.html]
[ps3xploit.com/storehaxx/StoreHaxx_4.83_IDPS_PSID_Dumping_Method-PS3Xploit.pkg]
[ps3xploit.com/storehaxx/StoreHaxx_4.83_IDPS_PSID_Dumping_Method-PS3Xploit.zip]
[ps3xploit.com/hfw/beep_test/ps3xploit_v305.js]
[ps3xploit.com/hfw/beep_test/beep_test.html]
[ps3xploit.com/hfw/led_status_test/ps3xploit_v305.js]
[ps3xploit.com/hfw/led_status_test/led_status_test.html]
[ps3xploit.com/files/release/coldboot-installer-release-PS3Xploit.zip]
[ps3xploit.com/files/release/imagefont_replacer_release-PS3Xploit.zip]
[ps3xploit.com/files/release/rco_replacer_release-PS3Xploit.zip]
[ps3xploit.com/files/release/ssl_cert_injector_remover_release-PS3Xploit.zip]
[ps3xploit.com/files/release/xmb_wave_installer_release-PS3Xploit.zip]
[ps3xploit.com/files/release/xml_replacer_release-PS3Xploit.zip]
[ps3xploit.com/files/release/han_supportfiles.zip]
[ps3xploit.com/files/release/ps3_tools-v3.0-HAN481+_release_PS3XPloit.zip]
[ps3xploit.com/files/release/NOR_NAND_IDPS_dumper_release_2.0_PS3Xploit.zip]
[ps3xploit.com/files/release/NOR_NAND_writer_release_2.0_PS3Xploit.zip]
[ps3xploit.com/files/minvercheck.zip]
[ps3xploit.com/tutorial/index.html]
[ps3xploit.com/hfw/release/coldboot_installer_486HFW-release-PS3Xploit.zip]
[ps3xploit.com/hfw/release/gameboot_installer_486HFW-release-PS3Xploit.zip]
[ps3xploit.com/help/faq.html]
[ps3xploit.com/help/changelog.html]
[ps3xploit.com/help/dumper.html]
[ps3xploit.com/help/writer.html]
[ps3xploit.com/images/resigner_pkg.jpg]
[ps3xploit.com/help/han.html]
[ps3xploit.com/help/han_extra.html]
[ps3xploit.com/images/storehaxx_preview.jpg]
[ps3xploit.com/help/storehaxx.html]
[ps3xploit.com/images/disable-browser-close-confirm.png]
[ps3xploit.com/help/hen.html]
[ps3xploit.com/help/bgtoolset.html]
[ps3xploit.com/dev_rewrite/vsh/resource/explore/xmb/category_network.html]
[ps3xploit.com/hen/release/489/cex/installer/Latest_HEN_Installer_signed.pkg]
[ps3xploit.com/hen/release/PS3HEN_3.1.1_4.89_FW.zip]
[ps3xploit.com/hen/release/488/cex/installer/Latest_HEN_Installer_signed.pkg]
[ps3xploit.com/hen/release/PS3HEN_3.1.1_4.88_FW.zip]
[ps3xploit.com/hen/release/486/cex/installer/Latest_HEN_Installer_signed.pkg]
[ps3xploit.com/hen/release/485/cex/installer/Latest_HEN_Installer_signed.pkg]
[ps3xploit.com/hen/release/PS3HEN_3.1.1_4.85_FW.zip]
[ps3xploit.com/hen/release/PS3HEN_3.1.1-Developers-Only.zip]
[ps3xploit.com/hfw/release/coldboot_installer_488HFW-release-PS3Xploit.zip]
[ps3xploit.com/version.html]
[ps3xploit.com/dev_blind/vsh/etc/version.html]
[ps3xploit.com/category_game_tool2.html]
[ps3xploit.com/dev_blind/vsh/resource/explore/xmb/category_game_tool2.html]
[ps3xploit.com/hfw/release/debug_settings_installer_484HFW_release-PS3Xploit.zip]
[ps3xploit.com/hfw/release/font_replacer_488HFW_release-PS3Xploit.zip]
[ps3xploit.com/hfw/release/rco_replacer_488HFW_release-PS3Xploit.zip]
[ps3xploit.com/hfw/ssl_cert_injector_remover/CA_LIST.html]
[ps3xploit.com/hfw/ssl_cert_injector_remover/CA01.html]
[ps3xploit.com/hfw/ssl_cert_injector_remover/CA02.html]
[ps3xploit.com/hfw/ssl_cert_injector_remover/CA03.html]
[ps3xploit.com/hfw/ssl_cert_injector_remover/CA04.html]
[ps3xploit.com/hfw/ssl_cert_injector_remover/CA05.html]
[ps3xploit.com/hfw/ssl_cert_injector_remover/CA06.html]
[ps3xploit.com/hfw/ssl_cert_injector_remover/CA07.html]
[ps3xploit.com/hfw/ssl_cert_injector_remover/CA08.html]
[ps3xploit.com/hfw/ssl_cert_injector_remover/CA09.html]
[ps3xploit.com/hfw/ssl_cert_injector_remover/CA10.html]
[ps3xploit.com/hfw/ssl_cert_injector_remover/CA11.html]
[ps3xploit.com/hfw/ssl_cert_injector_remover/CA12.html]
[ps3xploit.com/hfw/ssl_cert_injector_remover/CA13.html]
[ps3xploit.com/hfw/ssl_cert_injector_remover/CA14.html]
[ps3xploit.com/hfw/ssl_cert_injector_remover/CA60.html]
[ps3xploit.com/hfw/ssl_cert_injector_remover/CA61.html]
[ps3xploit.com/hfw/ssl_cert_injector_remover/CA62.html]
[ps3xploit.com/hfw/ssl_cert_injector_remover/CA63.html]
[ps3xploit.com/hfw/ssl_cert_injector_remover/CA64.html]
[ps3xploit.com/hfw/ssl_cert_injector_remover/CA65.html]
[ps3xploit.com/hfw/ssl_cert_injector_remover/CA66.html]
[ps3xploit.com/hfw/ssl_cert_injector_remover/CA67.html]
[ps3xploit.com/hfw/ssl_cert_injector_remover/CA68.html]
[ps3xploit.com/hfw/ssl_cert_injector_remover/CA69.html]
[ps3xploit.com/hfw/ssl_cert_injector_remover/CA70.html]
[ps3xploit.com/hfw/ssl_cert_injector_remover/CA71.html]
[ps3xploit.com/hfw/ssl_cert_injector_remover/CA72.html]
[ps3xploit.com/hfw/flash_xml_replacer/category_network_shop.html]
[ps3xploit.com/hfw/flash_xml_replacer/category_network_tool2.html]
[ps3xploit.com/hfw/flash_xml_replacer/category_photo.html]
[ps3xploit.com/hfw/flash_xml_replacer/category_psn.html]
[ps3xploit.com/hfw/flash_xml_replacer/category_sysconf.html]
[ps3xploit.com/hfw/flash_xml_replacer/category_sysconf_shop.html]
[ps3xploit.com/hfw/flash_xml_replacer/category_tv.html]
[ps3xploit.com/hfw/flash_xml_replacer/category_user.html]
[ps3xploit.com/hfw/flash_xml_replacer/category_user_login.html]
[ps3xploit.com/hfw/flash_xml_replacer/category_user_shop.html]
[ps3xploit.com/hfw/flash_xml_replacer/category_video.html]
[ps3xploit.com/hfw/flash_xml_replacer/category_video_bdponly.html]
[ps3xploit.com/hfw/flash_xml_replacer/category_video_bdu.html]
[ps3xploit.com/hfw/flash_xml_replacer/category_widget.html]
[ps3xploit.com/hfw/flash_xml_replacer/download_list.html]
[ps3xploit.com/hfw/flash_xml_replacer/null.html]
[ps3xploit.com/hfw/flash_xml_replacer/playlist.html]
[ps3xploit.com/hfw/flash_xml_replacer/registory.html]
[ps3xploit.com/hfw/flash_xml_replacer/savedata_list.html]
[ps3xploit.com/hfw/flash_xml_replacer/upload_list.html]
[ps3xploit.com/hfw/flash_xml_replacer/videodownloader_list.html]
[ps3xploit.com/tutorial/images/arrv_anim_1.html]
[ps3xploit.com/tutorial/images/arrv_anim_1o.html]
[ps3xploit.com/tutorial/images/arr_double_1.html]
[ps3xploit.com/tutorial/images/arr_double_1o.html]
[ps3xploit.com/tutorial/images/bg-solid.html]
[ps3xploit.com/tutorial/images/bg-blurry.html]
[ps3xploit.com/coldboot/coldboot-installer.html]
[ps3xploit.com/imagefont/imagefont_replacer.html]
[ps3xploit.com/flash_rco_replacer/flash_rco_replacer.html]
[ps3xploit.com/ssl_cert_injector_remover/ssl_cert_injector.html]
[ps3xploit.com/ssl_cert_injector_remover/ssl_cert_remover.html]
[ps3xploit.com/wave/xmb_wave_installer.html]
[ps3xploit.com/flash_xml_replacer/category_network.xml]
[ps3xploit.com/flash_xml_replacer/flash_xml_replacer.html]
[ps3xploit.com/han/ps3xploit_v30.js]
[ps3xploit.com/han/actidps_dumper.html]
[ps3xploit.com/han/actrif_copier.html]
[ps3xploit.com/han/han_installer.html]
[ps3xploit.com/han/han_enabler.html]
[ps3xploit.com/han/dbgpkg_enabler.html]
[ps3xploit.com/files/release/han_supportfiles.zip]
[ps3xploit.com/files/release/ps3_tools-v3.0-HAN481+_release_PS3XPloit.zip]
[ps3xploit.com/dumper/ps3xploit_v20.js]
[ps3xploit.com/dumper/index_idps.html]
[ps3xploit.com/dumper/index_nand.html]
[ps3xploit.com/dumper/index_nor.html]
[ps3xploit.com/dumper/dump.jpg]
[ps3xploit.com/dumper/index_nand_hdd.html]
[ps3xploit.com/dumper/index_nor_hdd.html]
[ps3xploit.com/writer/ps3xploit_writer_v20.js]
[ps3xploit.com/writer/index_nand.html]
[ps3xploit.com/writer/index_nor.html]
[ps3xploit.com/writer/flash_482.jpg]
[ps3xploit.com/writer/index_nand_hdd.html]
[ps3xploit.com/writer/index_nor_hdd.html]
[ps3xploit.com/files/release/NOR_NAND_writer_release_2.0_PS3Xploit.zip]
[ps3xploit.com/writer/flash_482.html]
[ps3xploit.com/help/images/arrv_anim_1.html]
[ps3xploit.com/help/images/arrv_anim_1o.html]
[ps3xploit.com/help/images/arr_double_1.html]
[ps3xploit.com/help/images/arr_double_1o.html]
[ps3xploit.com/help/images/bg-solid.html]
[ps3xploit.com/help/images/bg-blurry.html]
[ps3xploit.com/hfw/release/coldboot_installer_486HFW-release-PS3Xploit.zip]
[ps3xploit.com/hfw/release/idps_psid_minver_dumper_486HFW_release.html]
[ps3xploit.com/hfw/release/idps_psid_minver_dumper_488HFW_release.html]
[ps3xploit.com/hfw/release/gameboot_installer_488HFW_release-PS3Xploit.html]
[ps3xploit.com/hen/rewrite/han_flash_mount_rewrite.html]
[ps3xploit.com/hfw/ssl_cert_injector_remover/CA15.cer]
[ps3xploit.com/hfw/ssl_cert_injector_remover/CA16.cer]
[ps3xploit.com/hfw/ssl_cert_injector_remover/CA17.cer]
[ps3xploit.com/hfw/ssl_cert_injector_remover/CA18.cer]
[ps3xploit.com/hfw/ssl_cert_injector_remover/CA19.cer]
[ps3xploit.com/hfw/ssl_cert_injector_remover/CA20.cer]
[ps3xploit.com/hfw/ssl_cert_injector_remover/CA21.cer]
[ps3xploit.com/hfw/ssl_cert_injector_remover/CA22.cer]
[ps3xploit.com/hfw/ssl_cert_injector_remover/CA23.cer]
[ps3xploit.com/hfw/ssl_cert_injector_remover/CA24.cer]
[ps3xploit.com/hfw/ssl_cert_injector_remover/CA25.cer]
[ps3xploit.com/hfw/ssl_cert_injector_remover/CA26.cer]
[ps3xploit.com/hfw/ssl_cert_injector_remover/CA27.cer]
[ps3xploit.com/hfw/ssl_cert_injector_remover/CA28.cer]
[ps3xploit.com/hfw/release/han_supportfiles.zip]
[ps3xploit.com/hfw/release/ps3_tools-v3.0.5-HAN488_HFW_release_PS3Xploit.zip]
[ps3xploit.com/storehaxx/StoreHaxx_4.83_IDPS_PSID_Dumping_Method-PS3Xploit.pkg]
[ps3xploit.com/storehaxx/StoreHaxx_4.83_IDPS_PSID_Dumping_Method-PS3Xploit.zip]
[ps3xploit.com/ssl_cert_injector_remover/CA25.html]
[ps3xploit.com/ssl_cert_injector_remover/CA26.html]
[ps3xploit.com/ssl_cert_injector_remover/CA27.html]
[ps3xploit.com/ssl_cert_injector_remover/CA28.html]
[ps3xploit.com/ssl_cert_injector_remover/CA29.html]
[ps3xploit.com/ssl_cert_injector_remover/CA30.html]
[ps3xploit.com/ssl_cert_injector_remover/CA31.html]
[ps3xploit.com/ssl_cert_injector_remover/CA32.html]
[ps3xploit.com/ssl_cert_injector_remover/CA33.html]
[ps3xploit.com/ssl_cert_injector_remover/CA34.html]
[ps3xploit.com/ssl_cert_injector_remover/CA35.html]
[ps3xploit.com/ssl_cert_injector_remover/CA36.html]
[ps3xploit.com/ssl_cert_injector_remover/CA37.html]
[ps3xploit.com/ssl_cert_injector_remover/CA38.html]
[ps3xploit.com/ssl_cert_injector_remover/CA39.html]
[ps3xploit.com/ssl_cert_injector_remover/CA40.html]
[ps3xploit.com/flash_xml_replacer/category_friend_shop.html]
[ps3xploit.com/flash_xml_replacer/category_game.html]
[ps3xploit.com/flash_xml_replacer/category_game_tool2.html]
[ps3xploit.com/flash_xml_replacer/category_music.html]
[ps3xploit.com/flash_xml_replacer/category_network_shop.html]
[ps3xploit.com/flash_xml_replacer/category_network_tool2.html]
[ps3xploit.com/flash_xml_replacer/category_photo.html]
[ps3xploit.com/flash_xml_replacer/category_psn.html]
[ps3xploit.com/flash_xml_replacer/category_sysconf.html]
[ps3xploit.com/flash_xml_replacer/category_sysconf_shop.html]
[ps3xploit.com/flash_xml_replacer/category_tv.html]
[ps3xploit.com/flash_xml_replacer/category_user.html]
[ps3xploit.com/flash_xml_replacer/category_user_login.html]
[ps3xploit.com/flash_xml_replacer/category_user_shop.html]
[ps3xploit.com/flash_xml_replacer/category_video.html]
[ps3xploit.com/flash_xml_replacer/category_video_bdponly.html]
[ps3xploit.com/flash_xml_replacer/category_video_bdu.html]
[ps3xploit.com/flash_xml_replacer/category_widget.html]
[ps3xploit.com/flash_xml_replacer/download_list.html]
[ps3xploit.com/flash_xml_replacer/null.html]
[ps3xploit.com/flash_xml_replacer/playlist.html]
[ps3xploit.com/flash_xml_replacer/registory.html]
[ps3xploit.com/flash_xml_replacer/savedata_list.html]
[ps3xploit.com/flash_xml_replacer/upload_list.html]
[ps3xploit.com/flash_xml_replacer/videodownloader_list.html]
[ps3xploit.com/writer/xxxx/dev_usb001/index.html]
[ps3xploit.com/writer/xxxx/dev_usb006/index.html]
[ps3xploit.com/writer/xxxxxxxx/dev_sd/index.html]
[ps3xploit.com/writer/xxxxxxxx/dev_cf/index.html]
[ps3xploit.com/writer/xxxxxxxx/dev_ms/index.html]
[ps3xploit.com/writer/xxxx/dev_usb000/index.html]
[ps3xploit.com/hfw/ssl_cert_injector_remover/CA29.cer]
[ps3xploit.com/hfw/ssl_cert_injector_remover/CA30.cer]
[ps3xploit.com/hfw/ssl_cert_injector_remover/CA31.cer]
[ps3xploit.com/hfw/ssl_cert_injector_remover/CA32.cer]
[ps3xploit.com/hfw/ssl_cert_injector_remover/CA33.cer]
[ps3xploit.com/hfw/ssl_cert_injector_remover/CA34.cer]
[ps3xploit.com/hfw/ssl_cert_injector_remover/CA35.cer]
[ps3xploit.com/hfw/ssl_cert_injector_remover/CA36.cer]
[ps3xploit.com/hfw/ssl_cert_injector_remover/CA37.cer]
[ps3xploit.com/hfw/ssl_cert_injector_remover/CA38.cer]
[ps3xploit.com/hfw/ssl_cert_injector_remover/CA39.cer]
[ps3xploit.com/hfw/ssl_cert_injector_remover/CA40.cer]
[ps3xploit.com/hfw/ssl_cert_injector_remover/CA41.cer]
[ps3xploit.com/hfw/ssl_cert_injector_remover/CA42.cer]
[ps3xploit.com/hfw/ssl_cert_injector_remover/CA43.cer]
[ps3xploit.com/hfw/ssl_cert_injector_remover/CA44.cer]
[ps3xploit.com/hfw/ssl_cert_injector_remover/CA45.cer]
[ps3xploit.com/hfw/ssl_cert_injector_remover/CA46.cer]
[ps3xploit.com/hfw/ssl_cert_injector_remover/CA47.cer]
[ps3xploit.com/hfw/ssl_cert_injector_remover/CA48.cer]
[ps3xploit.com/hfw/ssl_cert_injector_remover/CA49.cer]
[ps3xploit.com/hfw/ssl_cert_injector_remover/CA50.cer]
[ps3xploit.com/hfw/ssl_cert_injector_remover/CA51.cer]
[ps3xploit.com/hfw/ssl_cert_injector_remover/CA52.cer]
[ps3xploit.com/hfw/ssl_cert_injector_remover/CA53.cer]
[ps3xploit.com/hfw/ssl_cert_injector_remover/CA54.cer]
[ps3xploit.com/hfw/ssl_cert_injector_remover/CA55.cer]
[ps3xploit.com/hfw/ssl_cert_injector_remover/CA56.cer]
[ps3xploit.com/hfw/ssl_cert_injector_remover/CA57.cer]
[ps3xploit.com/hfw/ssl_cert_injector_remover/CA58.cer]
[ps3xploit.com/hfw/ssl_cert_injector_remover/CA59.cer]
[ps3xploit.com/hfw/ssl_cert_injector_remover/CA73.cer]
[ps3xploit.com/hfw/ssl_cert_injector_remover/CA74.cer]
[ps3xploit.com/hfw/ssl_cert_injector_remover/CA75.cer]
[ps3xploit.com/hfw/ssl_cert_injector_remover/CA76.cer]
[ps3xploit.com/hfw/ssl_cert_injector_remover/CA77.cer]
[ps3xploit.com/hfw/ssl_cert_injector_remover/CA78.cer]
[ps3xploit.com/hfw/ssl_cert_injector_remover/CA79.cer]
[ps3xploit.com/hfw/xmb_wave_installer/ps3xploit_v305.js]
[ps3xploit.com/hfw/flash_xml_replacer/ps3xploit_v305.js]
[ps3xploit.com/hfw/flash_xml_replacer/category_avc_photo.xml]
[ps3xploit.com/hfw/flash_xml_replacer/category_friend.xml]
[ps3xploit.com/hfw/flash_xml_replacer/category_friend_shop.xml]
[ps3xploit.com/hfw/flash_xml_replacer/category_game.xml]
[ps3xploit.com/hfw/flash_xml_replacer/category_game_tool2.xml]
[ps3xploit.com/hfw/flash_xml_replacer/category_music.xml]
[ps3xploit.com/hfw/flash_xml_replacer/category_network.xml]
[ps3xploit.com/files/release/coldboot-installer-release-PS3Xploit.zip]
[ps3xploit.com/files/release/rco_replacer_release-PS3Xploit.zip]
[ps3xploit.com/wave/ps3xploit_v30.js]
[ps3xploit.com/flash_xml_replacer/ps3xploit_v30.js]
[ps3xploit.com/files/release/han_supportfiles.zip]
[ps3xploit.com/files/release/ps3_tools-v3.0-HAN481+_release_PS3XPloit.zip]
[ps3xploit.com/writer/flash_482.jpg]
[ps3xploit.com/files/release/NOR_NAND_writer_release_2.0_PS3Xploit.zip]
[ps3xploit.com/hfw/release/coldboot_installer_486HFW-release-PS3Xploit.zip]
[ps3xploit.com/coldboot/ps3xploit_v30.js]
[ps3xploit.com/imagefont/ps3xploit_v30.js]
[ps3xploit.com/flash_rco_replacer/ps3xploit_v30.js]
[ps3xploit.com/ssl_cert_injector_remover/ps3xploit_v30.js]
[ps3xploit.com/ssl_cert_injector_remover/CA_LIST.cer]
[ps3xploit.com/ssl_cert_injector_remover/CA01.cer]
[ps3xploit.com/ssl_cert_injector_remover/CA02.cer]
[ps3xploit.com/ssl_cert_injector_remover/CA03.cer]
[ps3xploit.com/ssl_cert_injector_remover/CA04.cer]
[ps3xploit.com/ssl_cert_injector_remover/CA05.cer]
[ps3xploit.com/ssl_cert_injector_remover/CA06.cer]
[ps3xploit.com/ssl_cert_injector_remover/CA07.cer]
[ps3xploit.com/ssl_cert_injector_remover/CA08.cer]
[ps3xploit.com/ssl_cert_injector_remover/CA09.cer]
[ps3xploit.com/ssl_cert_injector_remover/CA10.cer]
[ps3xploit.com/ssl_cert_injector_remover/CA11.cer]
[ps3xploit.com/ssl_cert_injector_remover/CA12.cer]
[ps3xploit.com/ssl_cert_injector_remover/CA13.cer]
[ps3xploit.com/ssl_cert_injector_remover/CA14.cer]
[ps3xploit.com/ssl_cert_injector_remover/CA15.cer]
[ps3xploit.com/ssl_cert_injector_remover/CA16.cer]
[ps3xploit.com/ssl_cert_injector_remover/CA17.cer]
[ps3xploit.com/ssl_cert_injector_remover/CA18.cer]
[ps3xploit.com/ssl_cert_injector_remover/CA19.cer]
[ps3xploit.com/ssl_cert_injector_remover/CA20.cer]
[ps3xploit.com/ssl_cert_injector_remover/CA21.cer]
[ps3xploit.com/ssl_cert_injector_remover/CA22.cer]
[ps3xploit.com/ssl_cert_injector_remover/CA23.cer]
[ps3xploit.com/ssl_cert_injector_remover/CA24.cer]
[ps3xploit.com/ssl_cert_injector_remover/CA41.cer]
[ps3xploit.com/ssl_cert_injector_remover/CA42.cer]
[ps3xploit.com/ssl_cert_injector_remover/CA43.cer]
[ps3xploit.com/ssl_cert_injector_remover/CA44.cer]
[ps3xploit.com/ssl_cert_injector_remover/CA45.cer]
[ps3xploit.com/ssl_cert_injector_remover/CA46.cer]
[ps3xploit.com/ssl_cert_injector_remover/CA47.cer]
[ps3xploit.com/ssl_cert_injector_remover/CA48.cer]
[ps3xploit.com/ssl_cert_injector_remover/CA49.cer]
[ps3xploit.com/ssl_cert_injector_remover/CA50.cer]
[ps3xploit.com/ssl_cert_injector_remover/CA51.cer]
[ps3xploit.com/ssl_cert_injector_remover/CA52.cer]
[ps3xploit.com/ssl_cert_injector_remover/CA53.cer]
[ps3xploit.com/ssl_cert_injector_remover/CA54.cer]
[ps3xploit.com/ssl_cert_injector_remover/CA55.cer]
[ps3xploit.com/ssl_cert_injector_remover/CA56.cer]
[ps3xploit.com/ssl_cert_injector_remover/CA57.cer]
[ps3xploit.com/ssl_cert_injector_remover/CA58.cer]
[ps3xploit.com/ssl_cert_injector_remover/CA59.cer]
[ps3xploit.com/ssl_cert_injector_remover/CA60.cer]
[ps3xploit.com/ssl_cert_injector_remover/CA61.cer]
[ps3xploit.com/ssl_cert_injector_remover/CA62.cer]
[ps3xploit.com/ssl_cert_injector_remover/CA63.cer]
[ps3xploit.com/ssl_cert_injector_remover/CA64.cer]
[ps3xploit.com/ssl_cert_injector_remover/CA65.cer]
[ps3xploit.com/ssl_cert_injector_remover/CA66.cer]
[ps3xploit.com/ssl_cert_injector_remover/CA67.cer]
[ps3xploit.com/ssl_cert_injector_remover/CA68.cer]
[ps3xploit.com/ssl_cert_injector_remover/CA69.cer]
[ps3xploit.com/ssl_cert_injector_remover/CA70.cer]
[ps3xploit.com/ssl_cert_injector_remover/CA71.cer]
[ps3xploit.com/ssl_cert_injector_remover/CA72.cer]
[ps3xploit.com/ssl_cert_injector_remover/CA73.cer]
[ps3xploit.com/ssl_cert_injector_remover/CA74.cer]
[ps3xploit.com/ssl_cert_injector_remover/CA75.cer]
[ps3xploit.com/ssl_cert_injector_remover/CA76.cer]
[ps3xploit.com/ssl_cert_injector_remover/CA77.cer]
[ps3xploit.com/ssl_cert_injector_remover/CA78.cer]
[ps3xploit.com/ssl_cert_injector_remover/CA79.cer]
[ps3xploit.com/flash_xml_replacer/category_avc_photo.xml]
[ps3xploit.com/flash_xml_replacer/category_friend.xml]
